2023-07-29 11:08:19,938 INFO o.s.b.StartupInfoLogger [restartedMain] Starting CricketApplication on Suraj with PID 12892 (C:\Users\soory\Desktop\Spring Programs\cricket\target\classes started by soory in C:\Users\soory\Desktop\Spring Programs\cricket)
2023-07-29 11:08:19,955 INFO o.s.b.SpringApplication [restartedMain] No active profile set, falling back to default profiles: default
2023-07-29 11:08:20,028 INFO o.s.b.l.DeferredLog [restartedMain] Devtools property defaults active! Set 'spring.devtools.add-properties' to 'false' to disable
2023-07-29 11:08:20,029 INFO o.s.b.l.DeferredLog [restartedMain] For additional web related logging consider setting the 'logging.level.web' property to 'DEBUG'
2023-07-29 11:08:21,049 INFO o.s.d.r.c.RepositoryConfigurationDelegate [restartedMain] Bootstrapping Spring Data JPA repositories in DEFERRED mode.
2023-07-29 11:08:21,181 INFO o.s.d.r.c.RepositoryConfigurationDelegate [restartedMain] Finished Spring Data repository scanning in 116ms. Found 1 JPA repository interfaces.
2023-07-29 11:08:22,128 INFO o.s.b.w.e.t.TomcatWebServer [restartedMain] Tomcat initialized with port(s): 8080 (http)
2023-07-29 11:08:22,142 INFO o.a.j.l.DirectJDKLog [restartedMain] Initializing ProtocolHandler ["http-nio-8080"]
2023-07-29 11:08:22,143 INFO o.a.j.l.DirectJDKLog [restartedMain] Starting service [Tomcat]
2023-07-29 11:08:22,144 INFO o.a.j.l.DirectJDKLog [restartedMain] Starting Servlet engine: [Apache Tomcat/9.0.35]
2023-07-29 11:08:22,285 INFO o.a.j.l.DirectJDKLog [restartedMain] Initializing Spring embedded WebApplicationContext
2023-07-29 11:08:22,286 INFO o.s.b.w.s.c.ServletWebServerApplicationContext [restartedMain] Root WebApplicationContext: initialization completed in 2250 ms
2023-07-29 11:08:22,472 INFO o.s.s.c.ExecutorConfigurationSupport [restartedMain] Initializing ExecutorService 'applicationTaskExecutor'
2023-07-29 11:08:22,483 INFO c.z.h.HikariDataSource [restartedMain] HikariPool-1 - Starting...
2023-07-29 11:08:22,491 WARN c.z.h.u.DriverDataSource [restartedMain] Registered driver with driverClassName=com.mysql.jdbc.Driver was not found, trying direct instantiation.
2023-07-29 11:08:23,104 INFO c.z.h.HikariDataSource [restartedMain] HikariPool-1 - Start completed.
2023-07-29 11:08:23,193 INFO o.h.j.i.u.LogHelper [task-1] HHH000204: Processing PersistenceUnitInfo [name: default]
2023-07-29 11:08:23,287 INFO o.h.Version [task-1] HHH000412: Hibernate ORM core version 5.4.15.Final
2023-07-29 11:08:23,290 WARN o.s.b.a.o.j.JpaBaseConfiguration$JpaWebConfiguration [restartedMain] spring.jpa.open-in-view is enabled by default. Therefore, database queries may be performed during view rendering. Explicitly configure spring.jpa.open-in-view to disable this warning
2023-07-29 11:08:23,515 INFO o.h.a.c.r.j.JavaReflectionManager [task-1] HCANN000001: Hibernate Commons Annotations {5.1.0.Final}
2023-07-29 11:08:23,672 INFO o.h.d.Dialect [task-1] HHH000400: Using dialect: org.hibernate.dialect.MySQL8Dialect
2023-07-29 11:08:24,499 INFO o.h.e.t.j.p.i.JtaPlatformInitiator [task-1] HHH000490: Using JtaPlatform implementation: [org.hibernate.engine.transaction.jta.platform.internal.NoJtaPlatform]
2023-07-29 11:08:24,512 INFO o.s.o.j.AbstractEntityManagerFactoryBean [task-1] Initialized JPA EntityManagerFactory for persistence unit 'default'
2023-07-29 11:08:25,068 INFO o.s.b.d.a.OptionalLiveReloadServer [restartedMain] LiveReload server is running on port 35729
2023-07-29 11:08:25,088 INFO o.a.j.l.DirectJDKLog [restartedMain] Starting ProtocolHandler ["http-nio-8080"]
2023-07-29 11:08:25,134 INFO o.s.b.w.e.t.TomcatWebServer [restartedMain] Tomcat started on port(s): 8080 (http) with context path ''
2023-07-29 11:08:25,137 INFO o.s.d.r.c.DeferredRepositoryInitializationListener [restartedMain] Triggering deferred initialization of Spring Data repositories…
2023-07-29 11:08:25,200 INFO o.s.d.r.c.DeferredRepositoryInitializationListener [restartedMain] Spring Data repositories initialized!
2023-07-29 11:08:25,209 INFO o.s.b.StartupInfoLogger [restartedMain] Started CricketApplication in 5.735 seconds (JVM running for 7.276)
2023-07-29 11:08:34,666 INFO o.a.j.l.DirectJDKLog [http-nio-8080-exec-2] Initializing Spring DispatcherServlet 'dispatcherServlet'
2023-07-29 11:08:34,667 INFO o.s.w.s.FrameworkServlet [http-nio-8080-exec-2] Initializing Servlet 'dispatcherServlet'
2023-07-29 11:08:34,681 INFO o.s.w.s.FrameworkServlet [http-nio-8080-exec-2] Completed initialization in 14 ms
2023-07-29 11:08:34,840 INFO c.a.c.c.CricketController [http-nio-8080-exec-2] this is my information
2023-07-29 11:08:44,439 INFO c.a.c.c.CricketController [http-nio-8080-exec-4] this is my information
2023-07-29 11:08:55,845 INFO c.a.c.c.CricketController [http-nio-8080-exec-6] this is my information
2023-07-29 13:32:03,117 WARN c.z.h.p.HikariPool$HouseKeeper [HikariPool-1 housekeeper] HikariPool-1 - Thread starvation or clock leap detected (housekeeper delta=2h7m39s852ms741µs200ns).
2023-07-29 17:22:48,259 WARN c.z.h.p.HikariPool$HouseKeeper [HikariPool-1 housekeeper] HikariPool-1 - Thread starvation or clock leap detected (housekeeper delta=2h52m14s396ms263µs800ns).
