2023-07-27 20:01:28,260 INFO o.s.b.StartupInfoLogger [restartedMain] Starting WatchApplication on Suraj with PID 40572 (C:\Users\soory\Desktop\Spring Programs\watch\target\classes started by soory in C:\Users\soory\Desktop\Spring Programs\watch)
2023-07-27 20:01:28,274 INFO o.s.b.SpringApplication [restartedMain] No active profile set, falling back to default profiles: default
2023-07-27 20:01:28,349 INFO o.s.b.l.DeferredLog [restartedMain] Devtools property defaults active! Set 'spring.devtools.add-properties' to 'false' to disable
2023-07-27 20:01:28,350 INFO o.s.b.l.DeferredLog [restartedMain] For additional web related logging consider setting the 'logging.level.web' property to 'DEBUG'
2023-07-27 20:01:29,469 INFO o.s.d.r.c.RepositoryConfigurationDelegate [restartedMain] Bootstrapping Spring Data JPA repositories in DEFERRED mode.
2023-07-27 20:01:29,586 INFO o.s.d.r.c.RepositoryConfigurationDelegate [restartedMain] Finished Spring Data repository scanning in 105ms. Found 1 JPA repository interfaces.
2023-07-27 20:01:30,719 INFO o.s.b.w.e.t.TomcatWebServer [restartedMain] Tomcat initialized with port(s): 8080 (http)
2023-07-27 20:01:30,740 INFO o.a.j.l.DirectJDKLog [restartedMain] Initializing ProtocolHandler ["http-nio-8080"]
2023-07-27 20:01:30,741 INFO o.a.j.l.DirectJDKLog [restartedMain] Starting service [Tomcat]
2023-07-27 20:01:30,742 INFO o.a.j.l.DirectJDKLog [restartedMain] Starting Servlet engine: [Apache Tomcat/9.0.35]
2023-07-27 20:01:30,904 INFO o.a.j.l.DirectJDKLog [restartedMain] Initializing Spring embedded WebApplicationContext
2023-07-27 20:01:30,904 INFO o.s.b.w.s.c.ServletWebServerApplicationContext [restartedMain] Root WebApplicationContext: initialization completed in 2553 ms
2023-07-27 20:01:31,135 INFO o.s.s.c.ExecutorConfigurationSupport [restartedMain] Initializing ExecutorService 'applicationTaskExecutor'
2023-07-27 20:01:31,153 INFO c.z.h.HikariDataSource [restartedMain] HikariPool-1 - Starting...
2023-07-27 20:01:31,164 WARN c.z.h.u.DriverDataSource [restartedMain] Registered driver with driverClassName=com.mysql.jdbc.Driver was not found, trying direct instantiation.
2023-07-27 20:01:31,928 INFO c.z.h.HikariDataSource [restartedMain] HikariPool-1 - Start completed.
2023-07-27 20:01:32,008 INFO o.h.j.i.u.LogHelper [task-1] HHH000204: Processing PersistenceUnitInfo [name: default]
2023-07-27 20:01:32,105 WARN o.s.b.a.o.j.JpaBaseConfiguration$JpaWebConfiguration [restartedMain] spring.jpa.open-in-view is enabled by default. Therefore, database queries may be performed during view rendering. Explicitly configure spring.jpa.open-in-view to disable this warning
2023-07-27 20:01:32,141 INFO o.h.Version [task-1] HHH000412: Hibernate ORM core version 5.4.15.Final
2023-07-27 20:01:32,444 INFO o.h.a.c.r.j.JavaReflectionManager [task-1] HCANN000001: Hibernate Commons Annotations {5.1.0.Final}
2023-07-27 20:01:32,676 INFO o.h.d.Dialect [task-1] HHH000400: Using dialect: org.hibernate.dialect.MySQL8Dialect
2023-07-27 20:01:33,537 INFO o.h.e.t.j.p.i.JtaPlatformInitiator [task-1] HHH000490: Using JtaPlatform implementation: [org.hibernate.engine.transaction.jta.platform.internal.NoJtaPlatform]
2023-07-27 20:01:33,545 INFO o.s.o.j.AbstractEntityManagerFactoryBean [task-1] Initialized JPA EntityManagerFactory for persistence unit 'default'
2023-07-27 20:01:34,077 INFO o.s.b.d.a.OptionalLiveReloadServer [restartedMain] LiveReload server is running on port 35729
2023-07-27 20:01:34,089 INFO o.a.j.l.DirectJDKLog [restartedMain] Starting ProtocolHandler ["http-nio-8080"]
2023-07-27 20:01:34,133 INFO o.s.b.w.e.t.TomcatWebServer [restartedMain] Tomcat started on port(s): 8080 (http) with context path ''
2023-07-27 20:01:34,135 INFO o.s.d.r.c.DeferredRepositoryInitializationListener [restartedMain] Triggering deferred initialization of Spring Data repositories…
2023-07-27 20:01:34,193 INFO o.s.d.r.c.DeferredRepositoryInitializationListener [restartedMain] Spring Data repositories initialized!
2023-07-27 20:01:34,202 INFO o.s.b.StartupInfoLogger [restartedMain] Started WatchApplication in 6.617 seconds (JVM running for 8.048)
2023-07-27 20:01:42,316 INFO o.a.j.l.DirectJDKLog [http-nio-8080-exec-2] Initializing Spring DispatcherServlet 'dispatcherServlet'
2023-07-27 20:01:42,317 INFO o.s.w.s.FrameworkServlet [http-nio-8080-exec-2] Initializing Servlet 'dispatcherServlet'
2023-07-27 20:01:42,331 INFO o.s.w.s.FrameworkServlet [http-nio-8080-exec-2] Completed initialization in 14 ms
2023-07-27 20:06:34,559 INFO o.s.o.j.AbstractEntityManagerFactoryBean [Thread-178] Closing JPA EntityManagerFactory for persistence unit 'default'
2023-07-27 20:06:34,562 INFO o.s.s.c.ExecutorConfigurationSupport [Thread-178] Shutting down ExecutorService 'applicationTaskExecutor'
2023-07-27 20:06:34,565 INFO c.z.h.HikariDataSource [Thread-178] HikariPool-1 - Shutdown initiated...
2023-07-27 20:06:34,579 INFO c.z.h.HikariDataSource [Thread-178] HikariPool-1 - Shutdown completed.
